[12:25:24] TrainLLM — Full Trial Run
[12:25:24] Models: 10
[12:25:24] 
============================================================
[12:25:24] TRIAL: Yelp 5-Star Rating (yelp_5star)
[12:25:24] ============================================================
[12:25:24]   Skipping training (already trained)
[12:25:28]   Inference OK — Yelp 5-Star Rating: 5 Stars (73.7%)
[12:25:28]   Duration: 4.1s
[12:25:28] 
============================================================
[12:25:28] TRIAL: SMS Spam Detection (sms_spam)
[12:25:28] ============================================================
[12:25:28]   Starting training...
[12:25:29]   FAILED: 'test'
[12:25:29]   Duration: 0.6s
[12:25:29] 
============================================================
[12:25:29] TRIAL: IMDB Sentiment (imdb)
[12:25:29] ============================================================
[12:25:29]   Starting training...
[12:31:38]   Training OK — test accuracy: 75.2%
[12:31:39]   Inference OK — IMDB Sentiment: Positive (52.4%)
[12:31:39]   Duration: 370.3s
[12:31:39] 
============================================================
[12:31:39] TRIAL: Emotion Classification (emotion)
[12:31:39] ============================================================
[12:31:39]   Starting training...
[12:33:55]   Training OK — test accuracy: 65.0%
[12:33:56]   Inference OK — Emotion Classification: Joy (75.9%)
[12:33:56]   Duration: 136.8s
[12:33:56] 
============================================================
[12:33:56] TRIAL: SST-2 Sentiment (sst2)
[12:33:56] ============================================================
[12:33:56]   Starting training...
[12:36:02]   Training OK — test accuracy: 86.0%
[12:36:03]   Inference OK — SST-2 Sentiment: Positive (98.0%)
[12:36:03]   Duration: 127.1s
[12:36:03] 
============================================================
[12:36:03] TRIAL: Amazon Polarity (amazon_polarity)
[12:36:03] ============================================================
[12:36:03]   Starting training...
