[12:37:14] TrainLLM — Full Trial Run
[12:37:14] Models: 10
[12:37:14] 
============================================================
[12:37:14] TRIAL: Yelp 5-Star Rating (yelp_5star)
[12:37:14] ============================================================
[12:37:14]   Skipping training (already trained)
[12:37:33]   Inference OK — Yelp 5-Star Rating: 5 Stars (73.7%)
[12:37:33]   Duration: 19.2s
[12:37:33] 
============================================================
[12:37:33] TRIAL: SMS Spam Detection (sms_spam)
[12:37:33] ============================================================
[12:37:33]   Starting training...
[12:44:20]   Training OK — test accuracy: 98.5%
[12:44:26]   Inference OK — SMS Spam Detection: Spam (57.9%)
[12:44:26]   Duration: 412.9s
[12:44:26]   Model already trained at /Users/sivachandra/trainllm/models/imdb
[12:44:26] 
============================================================
[12:44:26] TRIAL: IMDB Sentiment (imdb)
[12:44:26] ============================================================
[12:44:26]   Skipping training (already trained)
[12:44:28]   Inference OK — IMDB Sentiment: Positive (52.4%)
[12:44:28]   Duration: 1.3s
[12:44:28]   Model already trained at /Users/sivachandra/trainllm/models/emotion
[12:44:28] 
============================================================
[12:44:28] TRIAL: Emotion Classification (emotion)
[12:44:28] ============================================================
[12:44:28]   Skipping training (already trained)
[12:44:29]   Inference OK — Emotion Classification: Joy (75.9%)
[12:44:29]   Duration: 1.1s
[12:44:29]   Model already trained at /Users/sivachandra/trainllm/models/sst2
[12:44:29] 
============================================================
[12:44:29] TRIAL: SST-2 Sentiment (sst2)
[12:44:29] ============================================================
[12:44:29]   Skipping training (already trained)
[12:44:30]   Inference OK — SST-2 Sentiment: Positive (98.0%)
[12:44:30]   Duration: 1.7s
[12:44:30] 
============================================================
[12:44:30] TRIAL: Amazon Polarity (amazon_polarity)
[12:44:30] ============================================================
[12:44:30]   Starting training...
